{"level":"info","message":"{\"body\":{},\"processId\":16645,\"port\":\"5001\"}","service":"swc-service"}
{"level":"info","message":"{\"body\":{\"email\":\"admin@admin.com\",\"username\":\"admin_legend9963\",\"password\":\"1234\",\"userType\":2},\"processId\":16645,\"port\":\"5001\"}","service":"swc-service"}
{"level":"info","message":"{\"body\":{\"emailOrUsername\":\"admin@admin.co\",\"password\":\"123\",\"userType\":2},\"processId\":16645,\"port\":\"5001\"}","service":"swc-service"}
{"level":"info","message":"{\"body\":{\"emailOrUsername\":\"admin@admin.co\",\"password\":\"123\",\"userType\":2},\"processId\":16645,\"port\":\"5001\"}","service":"swc-service"}
{"level":"info","message":"{\"body\":{\"emailOrUsername\":\"admin@admin.com\",\"password\":\"123\",\"userType\":2},\"processId\":16645,\"port\":\"5001\"}","service":"swc-service"}
{"level":"info","message":"{\"body\":{\"email\":\"admin@admin.com\",\"username\":\"admin_legend9963\",\"password\":\"1234\",\"userType\":2},\"processId\":16645,\"port\":\"5001\"}","service":"swc-service"}
{"level":"info","message":"{\"body\":{\"email\":\"admin@admin.com\",\"username\":\"admin_legend9963\",\"password\":\"1234\",\"userType\":2},\"processId\":16645,\"port\":\"5001\"}","service":"swc-service"}
{"level":"info","message":"{\"body\":{},\"processId\":16645,\"port\":\"5001\"}","service":"swc-service"}
{"level":"info","message":"{\"body\":{\"username\":\"admin_legend9963\",\"userType\":\"admin\"},\"processId\":16645,\"port\":\"5001\"}","service":"swc-service"}
{"level":"info","message":"{\"body\":{\"email\":\"admin@admin.com\",\"username\":\"admin_legend9963\",\"password\":\"1234\",\"userType\":2},\"processId\":16645,\"port\":\"5001\"}","service":"swc-service"}
{"level":"info","message":"{\"body\":{\"username\":\"admin_legend9963\",\"userType\":\"admin\"},\"processId\":16645,\"port\":\"5001\"}","service":"swc-service"}
{"level":"info","message":"{\"body\":{},\"processId\":16645,\"port\":\"5001\"}","service":"swc-service"}
{"level":"info","message":"{\"body\":{},\"processId\":16645,\"port\":\"5001\"}","service":"swc-service"}
{"level":"info","message":"{\"body\":{},\"processId\":16645,\"port\":\"5001\"}","service":"swc-service"}
{"level":"info","message":"{\"body\":{},\"processId\":16645,\"port\":\"5001\"}","service":"swc-service"}
{"level":"info","message":"{\"body\":{},\"processId\":16645,\"port\":\"5001\"}","service":"swc-service"}
{"level":"info","message":"{\"body\":{},\"processId\":16645,\"port\":\"5001\"}","service":"swc-service"}
{"level":"info","message":"{\"body\":{},\"processId\":16645,\"port\":\"5001\"}","service":"swc-service"}
{"level":"info","message":"{\"body\":{},\"processId\":16645,\"port\":\"5001\"}","service":"swc-service"}
{"level":"info","message":"{\"body\":{\"username\":\"admin_legend9963\",\"userType\":\"admin\"},\"processId\":16645,\"port\":\"5001\"}","service":"swc-service"}
{"level":"info","message":"{\"body\":{},\"processId\":16645,\"port\":\"5001\"}","service":"swc-service"}
{"level":"info","message":"{\"body\":{},\"processId\":16645,\"port\":\"5001\"}","service":"swc-service"}
{"level":"info","message":"{\"body\":{},\"processId\":16645,\"port\":\"5001\"}","service":"swc-service"}
{"level":"info","message":"{\"body\":{},\"processId\":16645,\"port\":\"5001\"}","service":"swc-service"}
{"level":"info","message":"{\"body\":{},\"processId\":16645,\"port\":\"5001\"}","service":"swc-service"}
{"level":"info","message":"{\"body\":{},\"processId\":16645,\"port\":\"5001\"}","service":"swc-service"}
{"level":"info","message":"{\"body\":{},\"processId\":16645,\"port\":\"5001\"}","service":"swc-service"}
{"level":"info","message":"{\"body\":{},\"processId\":16645,\"port\":\"5001\"}","service":"swc-service"}
{"level":"info","message":"{\"body\":{\"username\":\"admin_legend9963\",\"userType\":\"admin\"},\"processId\":16645,\"port\":\"5001\"}","service":"swc-service"}
{"level":"info","message":"{\"body\":{},\"processId\":16645,\"port\":\"5001\"}","service":"swc-service"}
{"level":"info","message":"{\"body\":{},\"processId\":16645,\"port\":\"5001\"}","service":"swc-service"}
{"level":"info","message":"{\"body\":{},\"processId\":16645,\"port\":\"5001\"}","service":"swc-service"}
{"level":"info","message":"{\"body\":{},\"processId\":16645,\"port\":\"5001\"}","service":"swc-service"}
{"level":"info","message":"{\"body\":{},\"processId\":16645,\"port\":\"5001\"}","service":"swc-service"}
{"level":"info","message":"{\"body\":{},\"processId\":16645,\"port\":\"5001\"}","service":"swc-service"}
{"level":"info","message":"{\"body\":{},\"processId\":16645,\"port\":\"5001\"}","service":"swc-service"}
{"level":"info","message":"{\"body\":{},\"processId\":16645,\"port\":\"5001\"}","service":"swc-service"}
{"level":"info","message":"{\"body\":{},\"processId\":64159,\"port\":\"5001\"}","service":"swc-service"}
{"level":"info","message":"{\"body\":{},\"processId\":64159,\"port\":\"5001\"}","service":"swc-service"}
{"level":"info","message":"{\"body\":{},\"processId\":64159,\"port\":\"5001\"}","service":"swc-service"}
{"level":"info","message":"{\"body\":{},\"processId\":64159,\"port\":\"5001\"}","service":"swc-service"}
{"level":"info","message":"{\"body\":{},\"processId\":64159,\"port\":\"5001\"}","service":"swc-service"}
{"level":"info","message":"{\"body\":{},\"processId\":64159,\"port\":\"5001\"}","service":"swc-service"}
